test_real_planner_produces_plan_and_loop_runs(self) -> None:
        """End-to-end: PlannerAgent → ToolRegistry (mocked execute) → finish."""
        goal = "analyze and review the code"

        mock_registry = MagicMock()
        mock_registry.execute = AsyncMock(return_value=_make_result(True))
        mock_registry._safe_type = ToolRegistry._safe_type

        loop = AgentLoop(
            goal=goal,
            registry=mock_registry,
            planner=PlannerAgent(),  # Real planner
            reflector=DefaultReflector(),  # Real reflector
            max_iterations=3,
        )
        events = await _collect(loop)

        # PlannerAgent should have produced at least one step
        plan_events = [e for e in events if isinstance(e, PlanEvent)]
        assert plan_events, "Expected at least one PlanEvent"
        assert len(plan_events[0].plan) >= 1

        # Loop should finish (all steps mocked to succeed)
        assert any(isinstance(e, FinishEvent) for e in events)


# ---------------------------------------------------------------------------
# Router integration & Model overrides tests
# ---------------------------------------------------------------------------


class TestAgentLoopRouterAndOverrides:
    @pytest.mark.asyncio
    async 